{0: 1, 1: "a", 2: true}
{0: {0: 1, 1: "a", 2: true}, 1: 2}
